00:00.109  color_management | Using OCIO=C:\Program Files\WindowsApps\BlenderFoundation.Blender_5.2.2.0_x64__ppwjx1n5r4v9t\Blender\5.2\datafiles\colormanagement\config.ocio
00:03.922  blend            | Read blend: "\\wsl$\Ubuntu\home\garfield\projects\hayyaun\demo\objects\prism\v017.blend"
00:07.078  render           | Saved: '\\wsl$\Ubuntu\home\garfield\projects\hayyaun\demo\objects\prism\v017-front.png'
front
00:07.234  render           | Saved: '\\wsl$\Ubuntu\home\garfield\projects\hayyaun\demo\objects\prism\v017-right.png'
right
00:07.359  render           | Saved: '\\wsl$\Ubuntu\home\garfield\projects\hayyaun\demo\objects\prism\v017-left.png'
left
00:07.484  render           | Saved: '\\wsl$\Ubuntu\home\garfield\projects\hayyaun\demo\objects\prism\v017-back.png'
back
00:07.656  render           | Saved: '\\wsl$\Ubuntu\home\garfield\projects\hayyaun\demo\objects\prism\v017-bottom.png'
bottom
00:07.812  render           | Saved: '\\wsl$\Ubuntu\home\garfield\projects\hayyaun\demo\objects\prism\v017-top.png'
top
00:07.953  render           | Saved: '\\wsl$\Ubuntu\home\garfield\projects\hayyaun\demo\objects\prism\v017-angle.png'
angle
00:08.109  render           | Saved: '\\wsl$\Ubuntu\home\garfield\projects\hayyaun\demo\objects\prism\v017-rear-angle.png'
rear-angle
Blender 5.2.2 LTS (hash d13f752e3b9c built 2026-09-15 01:37:04)

Blender quit
