00:00.093  color_management | Using OCIO=C:\Program Files\WindowsApps\BlenderFoundation.Blender_5.2.2.0_x64__ppwjx1n5r4v9t\Blender\5.2\datafiles\colormanagement\config.ocio
00:02.828  blend            | Read blend: "\\wsl$\Ubuntu\home\garfield\projects\hayyaun\demo\objects\prism\v019.blend"
00:09.547  render           | Saved: '\\wsl$\Ubuntu\home\garfield\projects\hayyaun\demo\objects\prism\v019-front.png'
front
00:09.843  render           | Saved: '\\wsl$\Ubuntu\home\garfield\projects\hayyaun\demo\objects\prism\v019-right.png'
right
00:10.125  render           | Saved: '\\wsl$\Ubuntu\home\garfield\projects\hayyaun\demo\objects\prism\v019-left.png'
left
00:10.422  render           | Saved: '\\wsl$\Ubuntu\home\garfield\projects\hayyaun\demo\objects\prism\v019-back.png'
back
00:10.734  render           | Saved: '\\wsl$\Ubuntu\home\garfield\projects\hayyaun\demo\objects\prism\v019-bottom.png'
bottom
00:11.078  render           | Saved: '\\wsl$\Ubuntu\home\garfield\projects\hayyaun\demo\objects\prism\v019-top.png'
top
00:11.390  render           | Saved: '\\wsl$\Ubuntu\home\garfield\projects\hayyaun\demo\objects\prism\v019-angle.png'
angle
00:11.687  render           | Saved: '\\wsl$\Ubuntu\home\garfield\projects\hayyaun\demo\objects\prism\v019-rear-angle.png'
rear-angle
Blender 5.2.2 LTS (hash d13f752e3b9c built 2026-09-15 01:37:04)

Blender quit
